# doctest file for gpx_interpolate.py
>>> import numpy as np
>>> from gpx_interpolate import gpx_interpolate, gpx_calculate_distance, gpx_calculate_speed, gpx_remove_duplicates

>>> gpx_data = {'lat':[0.0, 1.1, 1.1], 'lon':[0.0, 1.1, 1.1], 'ele':None, 'tstamp':[0.0, 1.1, 1.1], 'tzinfo':None}
>>> DIST, TIME, RES, NUM = 172973.4, 1.1, 10.0, 10

## test gpx_interpolate
>>> gpx_interpolate(gpx_data, res=0.0)
Traceback (most recent call last):
    ...
ValueError: ...

>>> gpx_interpolate(gpx_data, num=-1)
Traceback (most recent call last):
    ...
ValueError: ...

>>> gpx_data_interp = gpx_interpolate(gpx_data, res=RES)

>>> len(gpx_data_interp['lat']) == len(gpx_data_interp['lon']) == len(gpx_data_interp['tstamp']) == np.ceil(DIST/RES)
True

>>> gpx_data_interp = gpx_interpolate(gpx_data, num=NUM)

>>> len(gpx_data_interp['lat']) == len(gpx_data_interp['lon']) == len(gpx_data_interp['tstamp']) == NUM
True

>>> abs(gpx_data_interp['lat'][0]-gpx_data['lat'][0]) < 1e-6
True

>>> abs(gpx_data_interp['lat'][-1]-gpx_data['lat'][-1]) < 1e-6
True

>>> abs(gpx_data_interp['lon'][0]-gpx_data['lon'][0]) < 1e-6
True

>>> abs(gpx_data_interp['lon'][-1]-gpx_data['lon'][-1]) < 1e-6
True

## test gpx_calculate_distance
>>> gpx_dist = gpx_calculate_distance(gpx_data)

>>> len(gpx_dist) == 3
True

>>> gpx_dist[0] == gpx_dist[2] == 0.0
True

>>> np.round(gpx_dist[1], decimals=1) == DIST
True

## test gpx_calculate_speed
>>> gpx_speed = gpx_calculate_speed(gpx_data)

>>> len(gpx_speed) == 3
True

>>> gpx_speed[0] == gpx_speed[2] == 0.0
True

>>> np.round(gpx_speed[1], decimals=1) == np.round(DIST/TIME, decimals=1)
True

## test gpx_remove_duplicates
>>> gpx_data = gpx_remove_duplicates(gpx_data)

>>> len(gpx_data['lat']) == len(gpx_data['lon']) == len(gpx_data['tstamp']) == 2
True
